1001 1000 2:1 / / ro,nodev,relatime master:12 - squashfs /dev/loop1 ro
1002 1001 1:0 / /dev rw,relatime master:2 - devtmpfs udev rw,size=VARIABLE,nr_inodes=0,mode=755
1003 1002 1:29 /ptmx /dev/ptmx rw,relatime - devpts devpts rw,gid=5,mode=620,ptmxmode=666
1004 1002 1:1 / /dev/pts rw,nosuid,noexec,relatime master:3 - devpts devpts rw,gid=5,mode=620,ptmxmode=000
1005 1004 1:29 / /dev/pts rw,relatime - devpts devpts rw,gid=5,mode=620,ptmxmode=666
1006 1001 0:0 /etc /etc rw,relatime master:1 - ext4 /dev/sda1 rw,data=ordered
1007 1006 2:1 /etc/nsswitch.conf /etc/nsswitch.conf ro,nodev,relatime master:12 - squashfs /dev/loop1 ro
1008 1006 2:1 /etc/ssl /etc/ssl ro,nodev,relatime master:12 - squashfs /dev/loop1 ro
1009 1001 0:0 /home /home rw,relatime master:1 - ext4 /dev/sda1 rw,data=ordered
1010 1001 0:0 /lib/firmware /lib/firmware rw,relatime master:1 - ext4 /dev/sda1 rw,data=ordered
1011 1001 0:0 /lib/modules /lib/modules rw,relatime master:1 - ext4 /dev/sda1 rw,data=ordered
1012 1001 0:0 /media /media rw,relatime shared:1 - ext4 /dev/sda1 rw,data=ordered
1013 1001 0:0 /mnt /mnt rw,relatime master:1 - ext4 /dev/sda1 rw,data=ordered
1014 1001 1:2 / /proc rw,nosuid,nodev,noexec,relatime master:4 - proc proc rw
1015 1014 1:3 / /proc/sys/fs/binfmt_misc rw,nosuid,nodev,noexec,relatime master:5 - binfmt_misc binfmt_misc rw
1016 1001 0:0 /root /root rw,relatime master:1 - ext4 /dev/sda1 rw,data=ordered
1017 1001 1:4 / /run rw,nosuid,noexec,relatime master:6 - tmpfs tmpfs rw,size=VARIABLE,mode=755
1018 1017 1:5 / /run/lock rw,nosuid,nodev,noexec,relatime master:7 - tmpfs none rw,size=VARIABLE
1019 1017 1:4 /netns /run/netns rw,nosuid,noexec,relatime shared:6 - tmpfs tmpfs rw,size=VARIABLE,mode=755
1020 1017 1:6 / /run/rpc_pipefs rw,relatime master:8 - rpc_pipefs rpc_pipefs rw
1021 1017 1:7 / /run/shm rw,nosuid,nodev,relatime master:9 - tmpfs none rw
1022 1017 1:4 /snapd/ns /run/snapd/ns rw,nosuid,noexec,relatime - tmpfs tmpfs rw,size=VARIABLE,mode=755
1023 1017 1:8 / /run/user rw,nosuid,nodev,noexec,relatime master:10 - tmpfs none rw,size=VARIABLE,mode=755
1024 1001 0:0 /snap /snap rw,relatime master:1 - ext4 /dev/sda1 rw,data=ordered
1025 1024 2:0 / /snap/core/1 ro,nodev,relatime master:11 - squashfs /dev/loop0 ro
1026 1024 2:1 / /snap/core18/1 ro,nodev,relatime master:12 - squashfs /dev/loop1 ro
1027 1024 2:2 / /snap/test-snapd-mountinfo-classic/1 ro,nodev,relatime master:13 - squashfs /dev/loop2 ro
1028 1024 2:3 / /snap/test-snapd-mountinfo-core16/1 ro,nodev,relatime master:14 - squashfs /dev/loop3 ro
1029 1024 2:4 / /snap/test-snapd-mountinfo-core18/1 ro,nodev,relatime master:15 - squashfs /dev/loop4 ro
1030 1001 1:9 / /sys rw,nosuid,nodev,noexec,relatime master:16 - sysfs sysfs rw
1031 1030 1:10 / /sys/fs/cgroup rw,relatime master:17 - tmpfs none rw,size=VARIABLE,mode=755
1032 1031 1:11 / /sys/fs/cgroup/blkio rw,relatime master:18 - cgroup cgroup rw,blkio
1033 1031 1:12 / /sys/fs/cgroup/cpu rw,relatime master:19 - cgroup cgroup rw,cpu
1034 1031 1:13 / /sys/fs/cgroup/cpuacct rw,relatime master:20 - cgroup cgroup rw,cpuacct
1035 1031 1:14 / /sys/fs/cgroup/cpuset rw,relatime master:21 - cgroup cgroup rw,cpuset
1036 1031 1:15 / /sys/fs/cgroup/devices rw,relatime master:22 - cgroup cgroup rw,devices
1037 1031 1:16 / /sys/fs/cgroup/dsystemd rw,nosuid,nodev,noexec,relatime master:23 - cgroup cgroup rw,xattr,release_agent=/lib/systemd/systemd-cgroups-agent,name=dsystemd
1038 1031 1:17 / /sys/fs/cgroup/freezer rw,relatime master:24 - cgroup cgroup rw,freezer
1039 1031 1:18 / /sys/fs/cgroup/hugetlb rw,relatime master:25 - cgroup cgroup rw,hugetlb
1040 1031 1:19 / /sys/fs/cgroup/memory rw,relatime master:26 - cgroup cgroup rw,memory
1041 1031 1:20 / /sys/fs/cgroup/net_cls rw,relatime master:27 - cgroup cgroup rw,net_cls
1042 1031 1:21 / /sys/fs/cgroup/net_prio rw,relatime master:28 - cgroup cgroup rw,net_prio
1043 1031 1:22 / /sys/fs/cgroup/perf_event rw,relatime master:29 - cgroup cgroup rw,perf_event
1044 1031 1:23 / /sys/fs/cgroup/pids rw,relatime master:30 - cgroup cgroup rw,pids
1045 1031 1:24 / /sys/fs/cgroup/systemd rw,nosuid,nodev,noexec,relatime master:31 - cgroup systemd rw,name=systemd
1046 1030 1:25 / /sys/fs/fuse/connections rw,relatime master:32 - fusectl none rw
1047 1030 1:26 / /sys/fs/pstore rw,relatime master:33 - pstore none rw
1048 1030 1:27 / /sys/kernel/debug rw,relatime master:34 - debugfs none rw
1049 1030 1:28 / /sys/kernel/security rw,relatime master:35 - securityfs none rw
1050 1001 0:0 /tmp /tmp rw,relatime master:1 - ext4 /dev/sda1 rw,data=ordered
1051 1050 0:0 /tmp/snap.test-snapd-mountinfo-core18/tmp /tmp rw,relatime - ext4 /dev/sda1 rw,data=ordered
1052 1001 2:0 /usr/lib/snapd /usr/lib/snapd ro,nodev,relatime master:11 - squashfs /dev/loop0 ro
1053 1001 0:0 /usr/src /usr/src rw,relatime master:1 - ext4 /dev/sda1 rw,data=ordered
1054 1001 0:0 /var/lib/snapd /var/lib/snapd rw,relatime master:1 - ext4 /dev/sda1 rw,data=ordered
1056 1055 0:0 / /var/lib/snapd/hostfs rw,relatime master:1 - ext4 /dev/sda1 rw,data=ordered
1055 1054 0:0 /var/lib/snapd/hostfs /var/lib/snapd/hostfs rw,relatime - ext4 /dev/sda1 rw,data=ordered
1057 1056 1:4 / /var/lib/snapd/hostfs/run rw,nosuid,noexec,relatime master:6 - tmpfs tmpfs rw,size=VARIABLE,mode=755
1058 1057 1:5 / /var/lib/snapd/hostfs/run/lock rw,nosuid,nodev,noexec,relatime master:7 - tmpfs none rw,size=VARIABLE
1059 1057 1:6 / /var/lib/snapd/hostfs/run/rpc_pipefs rw,relatime master:8 - rpc_pipefs rpc_pipefs rw
1060 1057 1:7 / /var/lib/snapd/hostfs/run/shm rw,nosuid,nodev,relatime master:9 - tmpfs none rw
1061 1057 1:4 /snapd/ns /var/lib/snapd/hostfs/run/snapd/ns rw,nosuid,noexec,relatime - tmpfs tmpfs rw,size=VARIABLE,mode=755
1062 1057 1:8 / /var/lib/snapd/hostfs/run/user rw,nosuid,nodev,noexec,relatime master:10 - tmpfs none rw,size=VARIABLE,mode=755
1063 1056 0:0 /snap /var/lib/snapd/hostfs/snap rw,relatime master:1 - ext4 /dev/sda1 rw,data=ordered
1064 1063 2:0 / /var/lib/snapd/hostfs/snap/core/1 ro,nodev,relatime master:11 - squashfs /dev/loop0 ro
1065 1056 2:0 / /var/lib/snapd/hostfs/snap/core/1 ro,nodev,relatime master:11 - squashfs /dev/loop0 ro
1066 1063 2:1 / /var/lib/snapd/hostfs/snap/core18/1 ro,nodev,relatime master:12 - squashfs /dev/loop1 ro
1067 1056 2:1 / /var/lib/snapd/hostfs/snap/core18/1 ro,nodev,relatime master:12 - squashfs /dev/loop1 ro
1068 1063 2:2 / /var/lib/snapd/hostfs/snap/test-snapd-mountinfo-classic/1 ro,nodev,relatime master:13 - squashfs /dev/loop2 ro
1069 1056 2:2 / /var/lib/snapd/hostfs/snap/test-snapd-mountinfo-classic/1 ro,nodev,relatime master:13 - squashfs /dev/loop2 ro
1070 1063 2:3 / /var/lib/snapd/hostfs/snap/test-snapd-mountinfo-core16/1 ro,nodev,relatime master:14 - squashfs /dev/loop3 ro
1071 1056 2:3 / /var/lib/snapd/hostfs/snap/test-snapd-mountinfo-core16/1 ro,nodev,relatime master:14 - squashfs /dev/loop3 ro
1072 1063 2:4 / /var/lib/snapd/hostfs/snap/test-snapd-mountinfo-core18/1 ro,nodev,relatime master:15 - squashfs /dev/loop4 ro
1073 1056 2:4 / /var/lib/snapd/hostfs/snap/test-snapd-mountinfo-core18/1 ro,nodev,relatime master:15 - squashfs /dev/loop4 ro
1074 1001 0:0 /var/log /var/log rw,relatime master:1 - ext4 /dev/sda1 rw,data=ordered
1075 1001 0:0 /var/snap /var/snap rw,relatime master:1 - ext4 /dev/sda1 rw,data=ordered
1076 1001 0:0 /var/tmp /var/tmp rw,relatime master:1 - ext4 /dev/sda1 rw,data=ordered
