1 0 0:0 / / rw,relatime shared:1 - ext4 /dev/sda1 rw,data=ordered
2 1 1:0 / /dev rw,relatime shared:2 - devtmpfs udev rw,size=VARIABLE,nr_inodes=0,mode=755
3 2 1:1 / /dev/pts rw,nosuid,noexec,relatime shared:3 - devpts devpts rw,gid=5,mode=620,ptmxmode=000
4 1 1:2 / /proc rw,nosuid,nodev,noexec,relatime shared:4 - proc proc rw
5 4 1:3 / /proc/sys/fs/binfmt_misc rw,nosuid,nodev,noexec,relatime shared:5 - binfmt_misc binfmt_misc rw
6 1 1:4 / /run rw,nosuid,noexec,relatime shared:6 - tmpfs tmpfs rw,size=VARIABLE,mode=755
7 6 1:5 / /run/lock rw,nosuid,nodev,noexec,relatime shared:7 - tmpfs none rw,size=VARIABLE
8 6 1:6 / /run/rpc_pipefs rw,relatime shared:8 - rpc_pipefs rpc_pipefs rw
9 6 1:7 / /run/shm rw,nosuid,nodev,relatime shared:9 - tmpfs none rw
10 6 1:8 / /run/user rw,nosuid,nodev,noexec,relatime shared:10 - tmpfs none rw,size=VARIABLE,mode=755
11 1 0:0 /snap /snap rw,relatime shared:1 - ext4 /dev/sda1 rw,data=ordered
12 11 2:0 / /snap/core/1 ro,nodev,relatime shared:11 - squashfs /dev/loop0 ro
13 1 2:0 / /snap/core/1 ro,nodev,relatime shared:11 - squashfs /dev/loop0 ro
14 11 2:1 / /snap/core18/1 ro,nodev,relatime shared:12 - squashfs /dev/loop1 ro
15 1 2:1 / /snap/core18/1 ro,nodev,relatime shared:12 - squashfs /dev/loop1 ro
16 11 2:2 / /snap/test-snapd-mountinfo-classic/1 ro,nodev,relatime shared:13 - squashfs /dev/loop2 ro
17 1 2:2 / /snap/test-snapd-mountinfo-classic/1 ro,nodev,relatime shared:13 - squashfs /dev/loop2 ro
18 11 2:3 / /snap/test-snapd-mountinfo-core16/1 ro,nodev,relatime shared:14 - squashfs /dev/loop3 ro
19 1 2:3 / /snap/test-snapd-mountinfo-core16/1 ro,nodev,relatime shared:14 - squashfs /dev/loop3 ro
20 11 2:4 / /snap/test-snapd-mountinfo-core18/1 ro,nodev,relatime shared:15 - squashfs /dev/loop4 ro
21 1 2:4 / /snap/test-snapd-mountinfo-core18/1 ro,nodev,relatime shared:15 - squashfs /dev/loop4 ro
22 1 1:9 / /sys rw,nosuid,nodev,noexec,relatime shared:16 - sysfs sysfs rw
23 22 1:10 / /sys/fs/cgroup rw,relatime shared:17 - tmpfs none rw,size=VARIABLE,mode=755
24 23 1:11 / /sys/fs/cgroup/blkio rw,relatime shared:18 - cgroup cgroup rw,blkio
25 23 1:12 / /sys/fs/cgroup/cpu rw,relatime shared:19 - cgroup cgroup rw,cpu
26 23 1:13 / /sys/fs/cgroup/cpuacct rw,relatime shared:20 - cgroup cgroup rw,cpuacct
27 23 1:14 / /sys/fs/cgroup/cpuset rw,relatime shared:21 - cgroup cgroup rw,cpuset
28 23 1:15 / /sys/fs/cgroup/devices rw,relatime shared:22 - cgroup cgroup rw,devices
29 23 1:16 / /sys/fs/cgroup/dsystemd rw,nosuid,nodev,noexec,relatime shared:23 - cgroup cgroup rw,xattr,release_agent=/lib/systemd/systemd-cgroups-agent,name=dsystemd
30 23 1:17 / /sys/fs/cgroup/freezer rw,relatime shared:24 - cgroup cgroup rw,freezer
31 23 1:18 / /sys/fs/cgroup/hugetlb rw,relatime shared:25 - cgroup cgroup rw,hugetlb
32 23 1:19 / /sys/fs/cgroup/memory rw,relatime shared:26 - cgroup cgroup rw,memory
33 23 1:20 / /sys/fs/cgroup/net_cls rw,relatime shared:27 - cgroup cgroup rw,net_cls
34 23 1:21 / /sys/fs/cgroup/net_prio rw,relatime shared:28 - cgroup cgroup rw,net_prio
35 23 1:22 / /sys/fs/cgroup/perf_event rw,relatime shared:29 - cgroup cgroup rw,perf_event
36 23 1:23 / /sys/fs/cgroup/pids rw,relatime shared:30 - cgroup cgroup rw,pids
37 23 1:24 / /sys/fs/cgroup/systemd rw,nosuid,nodev,noexec,relatime shared:31 - cgroup systemd rw,name=systemd
38 22 1:25 / /sys/fs/fuse/connections rw,relatime shared:32 - fusectl none rw
39 22 1:26 / /sys/fs/pstore rw,relatime shared:33 - pstore none rw
40 22 1:27 / /sys/kernel/debug rw,relatime shared:34 - debugfs none rw
41 22 1:28 / /sys/kernel/security rw,relatime shared:35 - securityfs none rw
