0:0 / / ro,relatime master:1 - squashfs /dev/loop0 ro
+1:+0 / /boot/efi rw,relatime master:+1 - vfat /dev/sda2 rw,fmask=0022,dmask=0022,codepage=437,iocharset=iso8859-1,shortname=mixed,errors=remount-ro
+0:+0 /EFI/ubuntu /boot/grub rw,relatime master:+0 - vfat /dev/sda2 rw,fmask=0022,dmask=0022,codepage=437,iocharset=iso8859-1,shortname=mixed,errors=remount-ro
+1:+0 / /dev rw,nosuid,relatime master:+1 - devtmpfs udev rw,size=VARIABLE,nr_inodes=0,mode=755
+0:+1 / /dev/hugepages rw,relatime master:+1 - hugetlbfs hugetlbfs rw
+0:+1 / /dev/mqueue rw,relatime master:+1 - mqueue mqueue rw
+0:+31 /ptmx /dev/ptmx rw,relatime - devpts devpts rw,gid=5,mode=620,ptmxmode=666
+0:-30 / /dev/pts rw,nosuid,noexec,relatime master:6 - devpts devpts rw,gid=5,mode=620,ptmxmode=000
+0:+30 / /dev/pts rw,relatime - devpts devpts rw,gid=5,mode=620,ptmxmode=666
+0:-29 / /dev/shm rw,nosuid,nodev master:7 - tmpfs tmpfs rw
-1:-3 /system-data/etc/apparmor.d/cache /etc/apparmor.d/cache rw,relatime master:+1 - ext4 /dev/sda3 rw,data=ordered
+0:+0 /system-data/etc/cloud /etc/cloud rw,relatime master:+1 - ext4 /dev/sda3 rw,data=ordered
+0:+0 /system-data/etc/dbus-1/system.d /etc/dbus-1/system.d rw,relatime master:+1 - ext4 /dev/sda3 rw,data=ordered
+0:+0 /system-data/etc/default/keyboard /etc/default/keyboard rw,relatime master:+1 - ext4 /dev/sda3 rw,data=ordered
+0:+0 /system-data/etc/default/swapfile /etc/default/swapfile rw,relatime master:+1 - ext4 /dev/sda3 rw,data=ordered
+0:+0 /system-data/etc/environment /etc/environment rw,relatime master:+1 - ext4 /dev/sda3 rw,data=ordered
+1:+4 /image.fstab /etc/fstab rw,nosuid,noexec,relatime master:+1 - tmpfs tmpfs rw,mode=755
-1:-4 /system-data/root/test-etc/group /etc/group ro,relatime master:+1 - ext4 /dev/sda3 rw,data=ordered
+0:+0 /system-data/root/test-etc/gshadow /etc/gshadow ro,relatime master:+0 - ext4 /dev/sda3 rw,data=ordered
+0:+0 /system-data/etc/hosts /etc/hosts rw,relatime master:+1 - ext4 /dev/sda3 rw,data=ordered
+0:+0 /system-data/etc/init /etc/init rw,relatime master:+1 - ext4 /dev/sda3 rw,data=ordered
+0:+0 /system-data/etc/init.d /etc/init.d rw,relatime master:+1 - ext4 /dev/sda3 rw,data=ordered
+0:+0 /system-data/etc/iproute2 /etc/iproute2 rw,relatime master:+1 - ext4 /dev/sda3 rw,data=ordered
+0:+0 /system-data/etc/machine-id /etc/machine-id rw,relatime master:+1 - ext4 /dev/sda3 rw,data=ordered
+0:+0 /system-data/etc/modprobe.d /etc/modprobe.d rw,relatime master:+1 - ext4 /dev/sda3 rw,data=ordered
+0:+0 /system-data/etc/modules-load.d /etc/modules-load.d rw,relatime master:+1 - ext4 /dev/sda3 rw,data=ordered
+0:+0 /system-data/etc/netplan /etc/netplan rw,relatime master:+1 - ext4 /dev/sda3 rw,data=ordered
+0:+0 /system-data/etc/network/if-up.d /etc/network/if-up.d rw,relatime master:+1 - ext4 /dev/sda3 rw,data=ordered
+0:+0 /system-data/etc/network/interfaces.d /etc/network/interfaces.d rw,relatime master:+1 - ext4 /dev/sda3 rw,data=ordered
+0:+0 /system-data/root/test-etc/passwd /etc/passwd ro,relatime master:-10 - ext4 /dev/sda3 rw,data=ordered
+0:+0 /system-data/etc/ppp /etc/ppp rw,relatime master:+11 - ext4 /dev/sda3 rw,data=ordered
+0:+0 /system-data/etc/rc0.d /etc/rc0.d rw,relatime master:+1 - ext4 /dev/sda3 rw,data=ordered
+0:+0 /system-data/etc/rc1.d /etc/rc1.d rw,relatime master:+1 - ext4 /dev/sda3 rw,data=ordered
+0:+0 /system-data/etc/rc2.d /etc/rc2.d rw,relatime master:+1 - ext4 /dev/sda3 rw,data=ordered
+0:+0 /system-data/etc/rc3.d /etc/rc3.d rw,relatime master:+1 - ext4 /dev/sda3 rw,data=ordered
+0:+0 /system-data/etc/rc4.d /etc/rc4.d rw,relatime master:+1 - ext4 /dev/sda3 rw,data=ordered
+0:+0 /system-data/etc/rc5.d /etc/rc5.d rw,relatime master:+1 - ext4 /dev/sda3 rw,data=ordered
+0:+0 /system-data/etc/rc6.d /etc/rc6.d rw,relatime master:+1 - ext4 /dev/sda3 rw,data=ordered
+0:+0 /system-data/etc/rcS.d /etc/rcS.d rw,relatime master:+1 - ext4 /dev/sda3 rw,data=ordered
+0:+0 /system-data/etc/rsyslog.d /etc/rsyslog.d rw,relatime master:+1 - ext4 /dev/sda3 rw,data=ordered
+0:+0 /system-data/root/test-etc/shadow /etc/shadow ro,relatime master:-20 - ext4 /dev/sda3 rw,data=ordered
+0:+0 /system-data/etc/ssh /etc/ssh rw,relatime master:+21 - ext4 /dev/sda3 rw,data=ordered
+0:+0 /system-data/etc/sudoers.d /etc/sudoers.d rw,relatime master:+1 - ext4 /dev/sda3 rw,data=ordered
+0:+0 /system-data/etc/sysctl.d /etc/sysctl.d rw,relatime master:+1 - ext4 /dev/sda3 rw,data=ordered
+0:+0 /system-data/etc/systemd/journald.conf.d /etc/systemd/journald.conf.d rw,relatime master:+1 - ext4 /dev/sda3 rw,data=ordered
+0:+0 /system-data/etc/systemd/logind.conf.d /etc/systemd/logind.conf.d rw,relatime master:+1 - ext4 /dev/sda3 rw,data=ordered
+0:+0 /system-data/etc/systemd/network /etc/systemd/network rw,relatime master:+1 - ext4 /dev/sda3 rw,data=ordered
+0:+0 /system-data/etc/systemd/system /etc/systemd/system rw,relatime master:+1 - ext4 /dev/sda3 rw,data=ordered
+0:+0 /system-data/etc/systemd/system /etc/systemd/system rw,relatime master:+1 - ext4 /dev/sda3 rw,data=ordered
+0:+0 /system-data/etc/systemd/system.conf.d /etc/systemd/system.conf.d rw,relatime master:+1 - ext4 /dev/sda3 rw,data=ordered
+0:+0 /system-data/etc/systemd/timesyncd.conf /etc/systemd/timesyncd.conf rw,relatime master:+1 - ext4 /dev/sda3 rw,data=ordered
+0:+0 /system-data/etc/systemd/user /etc/systemd/user rw,relatime master:+1 - ext4 /dev/sda3 rw,data=ordered
+0:+0 /system-data/etc/systemd/user.conf.d /etc/systemd/user.conf.d rw,relatime master:+1 - ext4 /dev/sda3 rw,data=ordered
+0:+0 /system-data/etc/udev/rules.d /etc/udev/rules.d rw,relatime master:+1 - ext4 /dev/sda3 rw,data=ordered
+0:+0 /system-data/etc/update-motd.d /etc/update-motd.d rw,relatime master:+1 - ext4 /dev/sda3 rw,data=ordered
+0:+0 /system-data/etc/writable /etc/writable rw,relatime master:+1 - ext4 /dev/sda3 rw,data=ordered
+0:+0 /user-data /home rw,relatime master:-35 - ext4 /dev/sda3 rw,data=ordered
-1:+0 /firmware /lib/firmware ro,relatime master:+36 - squashfs /dev/loop1 ro
+0:+0 /modules /lib/modules ro,relatime master:+1 - squashfs /dev/loop1 ro
+2:+5 / /media rw,relatime master:+1 - tmpfs tmpfs rw
+0:+0 / /media rw,relatime shared:53 - tmpfs tmpfs rw
+0:+1 / /mnt rw,relatime master:54 - tmpfs tmpfs rw
+0:+1 / /proc rw,nosuid,nodev,noexec,relatime master:+1 - proc proc rw
+0:+1 / /proc/sys/fs/binfmt_misc rw,relatime master:+1 - autofs systemd-1 rw,fd=0,pgrp=1,timeout=0,minproto=5,maxproto=5,direct
-1:-8 /system-data/root /root rw,relatime master:-41 - ext4 /dev/sda3 rw,data=ordered
+1:+4 / /run rw,nosuid,noexec,relatime master:+43 - tmpfs tmpfs rw,mode=755
+0:+5 / /run rw,nosuid,noexec,relatime master:-1 - tmpfs tmpfs rw,size=VARIABLE,mode=755
+0:+1 / /run/cgmanager/fs rw,relatime master:+2 - tmpfs cgmfs rw,size=VARIABLE,mode=755
+0:+1 / /run/lock rw,nosuid,nodev,noexec,relatime master:+1 - tmpfs tmpfs rw,size=VARIABLE
+0:-2 /netns /run/netns rw,nosuid,noexec,relatime shared:57 - tmpfs tmpfs rw,size=VARIABLE,mode=755
+0:+0 /snapd/ns /run/snapd/ns rw,nosuid,noexec,relatime - tmpfs tmpfs rw,size=VARIABLE,mode=755
+0:+3 / /run/user/0 rw,nosuid,nodev,relatime master:61 - tmpfs tmpfs rw,size=VARIABLE,mode=700
-1:-12 /system-data/snap /snap rw,relatime master:-46 - ext4 /dev/sda3 rw,data=ordered
-1:+1 / /snap/core/1 ro,nodev,relatime master:+47 - squashfs /dev/loop2 ro
+0:+1 / /snap/core18/1 ro,nodev,relatime master:+1 - squashfs /dev/loop3 ro
+0:+1 / /snap/pc-kernel/1 ro,nodev,relatime master:+1 - squashfs /dev/loop4 ro
+0:+1 / /snap/pc/1 ro,nodev,relatime master:+1 - squashfs /dev/loop5 ro
+0:+1 / /snap/test-snapd-mountinfo-core16/1 ro,nodev,relatime master:+1 - squashfs /dev/loop6 ro
+0:+1 / /snap/test-snapd-mountinfo-core18/1 ro,nodev,relatime master:+1 - squashfs /dev/loop7 ro
+0:+1 / /snap/test-snapd-rsync/1 ro,nodev,relatime master:+1 - squashfs /dev/loop8 ro
+2:+6 / /sys rw,nosuid,nodev,noexec,relatime master:+1 - sysfs sysfs rw
+0:+1 / /sys/fs/cgroup rw master:+1 - tmpfs tmpfs rw,mode=755
+0:+1 / /sys/fs/cgroup/blkio rw,nosuid,nodev,noexec,relatime master:+1 - cgroup cgroup rw,blkio
+0:+1 / /sys/fs/cgroup/cpu,cpuacct rw,nosuid,nodev,noexec,relatime master:+1 - cgroup cgroup rw,cpu,cpuacct
+0:+1 / /sys/fs/cgroup/cpuset rw,nosuid,nodev,noexec,relatime master:+1 - cgroup cgroup rw,cpuset,clone_children
+0:+1 / /sys/fs/cgroup/devices rw,nosuid,nodev,noexec,relatime master:+1 - cgroup cgroup rw,devices
+0:+1 / /sys/fs/cgroup/freezer rw,nosuid,nodev,noexec,relatime master:+1 - cgroup cgroup rw,freezer
+0:+1 / /sys/fs/cgroup/hugetlb rw,nosuid,nodev,noexec,relatime master:+1 - cgroup cgroup rw,hugetlb,release_agent=/run/cgmanager/agents/cgm-release-agent.hugetlb
+0:+1 / /sys/fs/cgroup/memory rw,nosuid,nodev,noexec,relatime master:+1 - cgroup cgroup rw,memory
+0:+1 / /sys/fs/cgroup/net_cls,net_prio rw,nosuid,nodev,noexec,relatime master:+1 - cgroup cgroup rw,net_cls,net_prio
+0:+1 / /sys/fs/cgroup/perf_event rw,nosuid,nodev,noexec,relatime master:+1 - cgroup cgroup rw,perf_event,release_agent=/run/cgmanager/agents/cgm-release-agent.perf_event
+0:+1 / /sys/fs/cgroup/pids rw,nosuid,nodev,noexec,relatime master:+1 - cgroup cgroup rw,pids,release_agent=/run/cgmanager/agents/cgm-release-agent.pids
+0:+1 / /sys/fs/cgroup/systemd rw,nosuid,nodev,noexec,relatime master:+1 - cgroup cgroup rw,xattr,release_agent=/lib/systemd/systemd-cgroups-agent,name=systemd
+0:+1 / /sys/fs/fuse/connections rw,relatime master:+1 - fusectl fusectl rw
+0:+1 / /sys/fs/pstore rw,nosuid,nodev,noexec,relatime master:+1 - pstore pstore rw
+0:+1 / /sys/kernel/debug rw,relatime master:+1 - debugfs debugfs rw
+0:+1 / /sys/kernel/security rw,nosuid,nodev,noexec,relatime master:+1 - securityfs securityfs rw
+0:+1 / /tmp rw,relatime master:+1 - tmpfs tmpfs rw
+0:+0 /snap.test-snapd-mountinfo-core16/tmp /tmp rw,relatime - tmpfs tmpfs rw
+0:+3 / /usr/share/gdb rw,relatime - tmpfs tmpfs rw,mode=755
-2:-34 /usr/share/gdb/auto-load /usr/share/gdb/auto-load ro,relatime master:1 - squashfs /dev/loop0 ro
+2:+35 / /usr/share/gdb/test rw,relatime - tmpfs tmpfs rw
-1:-34 /system-data/var/cache/apparmor /var/cache/apparmor rw,relatime master:15 - ext4 /dev/sda3 rw,data=ordered
+0:+0 /system-data/var/cache/snapd /var/cache/snapd rw,relatime master:+0 - ext4 /dev/sda3 rw,data=ordered
+0:+0 /system-data/var/lib/apparmor /var/lib/apparmor rw,relatime master:+0 - ext4 /dev/sda3 rw,data=ordered
+0:+0 /system-data/var/lib/cloud /var/lib/cloud rw,relatime master:+0 - ext4 /dev/sda3 rw,data=ordered
+0:+0 /system-data/var/lib/console-conf /var/lib/console-conf rw,relatime master:+0 - ext4 /dev/sda3 rw,data=ordered
+0:+0 /system-data/var/lib/dbus /var/lib/dbus rw,relatime master:+0 - ext4 /dev/sda3 rw,data=ordered
+0:+0 /system-data/var/lib/dhcp /var/lib/dhcp rw,relatime master:+0 - ext4 /dev/sda3 rw,data=ordered
+0:+0 /system-data/var/lib/extrausers /var/lib/extrausers rw,relatime master:+0 - ext4 /dev/sda3 rw,data=ordered
+0:+0 /system-data/var/lib/initramfs-tools /var/lib/initramfs-tools rw,relatime master:+0 - ext4 /dev/sda3 rw,data=ordered
+0:+0 /system-data/var/lib/logrotate /var/lib/logrotate rw,relatime master:+0 - ext4 /dev/sda3 rw,data=ordered
+0:+0 /system-data/var/lib/misc /var/lib/misc rw,relatime master:+0 - ext4 /dev/sda3 rw,data=ordered
+0:+0 /system-data/var/lib/snapd /var/lib/snapd rw,relatime master:+0 - ext4 /dev/sda3 rw,data=ordered
-1:-1 / /var/lib/snapd/hostfs ro,relatime master:-14 - squashfs /dev/loop0 ro
+1:+1 /system-data/var/lib/snapd/hostfs /var/lib/snapd/hostfs rw,relatime - ext4 /dev/sda3 rw,data=ordered
+0:-1 / /var/lib/snapd/hostfs/boot/efi rw,relatime master:2 - vfat /dev/sda2 rw,fmask=0022,dmask=0022,codepage=437,iocharset=iso8859-1,shortname=mixed,errors=remount-ro
+0:+0 /EFI/ubuntu /var/lib/snapd/hostfs/boot/grub rw,relatime master:+0 - vfat /dev/sda2 rw,fmask=0022,dmask=0022,codepage=437,iocharset=iso8859-1,shortname=mixed,errors=remount-ro
+0:+1 /system-data/etc/apparmor.d/cache /var/lib/snapd/hostfs/etc/apparmor.d/cache rw,relatime master:+6 - ext4 /dev/sda3 rw,data=ordered
+0:+0 /system-data/etc/cloud /var/lib/snapd/hostfs/etc/cloud rw,relatime master:+1 - ext4 /dev/sda3 rw,data=ordered
+0:+0 /system-data/etc/dbus-1/system.d /var/lib/snapd/hostfs/etc/dbus-1/system.d rw,relatime master:+1 - ext4 /dev/sda3 rw,data=ordered
+0:+0 /system-data/etc/default/keyboard /var/lib/snapd/hostfs/etc/default/keyboard rw,relatime master:+1 - ext4 /dev/sda3 rw,data=ordered
+0:+0 /system-data/etc/default/swapfile /var/lib/snapd/hostfs/etc/default/swapfile rw,relatime master:+1 - ext4 /dev/sda3 rw,data=ordered
+0:+0 /system-data/etc/environment /var/lib/snapd/hostfs/etc/environment rw,relatime master:+1 - ext4 /dev/sda3 rw,data=ordered
+1:+4 /image.fstab /var/lib/snapd/hostfs/etc/fstab rw,nosuid,noexec,relatime master:+1 - tmpfs tmpfs rw,mode=755
-1:-4 /system-data/root/test-etc/group /var/lib/snapd/hostfs/etc/group ro,relatime master:+1 - ext4 /dev/sda3 rw,data=ordered
+0:+0 /system-data/root/test-etc/gshadow /var/lib/snapd/hostfs/etc/gshadow ro,relatime master:+0 - ext4 /dev/sda3 rw,data=ordered
+0:+0 /system-data/etc/hosts /var/lib/snapd/hostfs/etc/hosts rw,relatime master:+1 - ext4 /dev/sda3 rw,data=ordered
+0:+0 /system-data/etc/init /var/lib/snapd/hostfs/etc/init rw,relatime master:+1 - ext4 /dev/sda3 rw,data=ordered
+0:+0 /system-data/etc/init.d /var/lib/snapd/hostfs/etc/init.d rw,relatime master:+1 - ext4 /dev/sda3 rw,data=ordered
+0:+0 /system-data/etc/iproute2 /var/lib/snapd/hostfs/etc/iproute2 rw,relatime master:+1 - ext4 /dev/sda3 rw,data=ordered
+0:+0 /system-data/etc/machine-id /var/lib/snapd/hostfs/etc/machine-id rw,relatime master:+1 - ext4 /dev/sda3 rw,data=ordered
+0:+0 /system-data/etc/modprobe.d /var/lib/snapd/hostfs/etc/modprobe.d rw,relatime master:+1 - ext4 /dev/sda3 rw,data=ordered
+0:+0 /system-data/etc/modules-load.d /var/lib/snapd/hostfs/etc/modules-load.d rw,relatime master:+1 - ext4 /dev/sda3 rw,data=ordered
+0:+0 /system-data/etc/netplan /var/lib/snapd/hostfs/etc/netplan rw,relatime master:+1 - ext4 /dev/sda3 rw,data=ordered
+0:+0 /system-data/etc/network/if-up.d /var/lib/snapd/hostfs/etc/network/if-up.d rw,relatime master:+1 - ext4 /dev/sda3 rw,data=ordered
+0:+0 /system-data/etc/network/interfaces.d /var/lib/snapd/hostfs/etc/network/interfaces.d rw,relatime master:+1 - ext4 /dev/sda3 rw,data=ordered
+0:+0 /system-data/root/test-etc/passwd /var/lib/snapd/hostfs/etc/passwd ro,relatime master:-10 - ext4 /dev/sda3 rw,data=ordered
+0:+0 /system-data/etc/ppp /var/lib/snapd/hostfs/etc/ppp rw,relatime master:+11 - ext4 /dev/sda3 rw,data=ordered
+0:+0 /system-data/etc/rc0.d /var/lib/snapd/hostfs/etc/rc0.d rw,relatime master:+1 - ext4 /dev/sda3 rw,data=ordered
+0:+0 /system-data/etc/rc1.d /var/lib/snapd/hostfs/etc/rc1.d rw,relatime master:+1 - ext4 /dev/sda3 rw,data=ordered
+0:+0 /system-data/etc/rc2.d /var/lib/snapd/hostfs/etc/rc2.d rw,relatime master:+1 - ext4 /dev/sda3 rw,data=ordered
+0:+0 /system-data/etc/rc3.d /var/lib/snapd/hostfs/etc/rc3.d rw,relatime master:+1 - ext4 /dev/sda3 rw,data=ordered
+0:+0 /system-data/etc/rc4.d /var/lib/snapd/hostfs/etc/rc4.d rw,relatime master:+1 - ext4 /dev/sda3 rw,data=ordered
+0:+0 /system-data/etc/rc5.d /var/lib/snapd/hostfs/etc/rc5.d rw,relatime master:+1 - ext4 /dev/sda3 rw,data=ordered
+0:+0 /system-data/etc/rc6.d /var/lib/snapd/hostfs/etc/rc6.d rw,relatime master:+1 - ext4 /dev/sda3 rw,data=ordered
+0:+0 /system-data/etc/rcS.d /var/lib/snapd/hostfs/etc/rcS.d rw,relatime master:+1 - ext4 /dev/sda3 rw,data=ordered
+0:+0 /system-data/etc/rsyslog.d /var/lib/snapd/hostfs/etc/rsyslog.d rw,relatime master:+1 - ext4 /dev/sda3 rw,data=ordered
+0:+0 /system-data/root/test-etc/shadow /var/lib/snapd/hostfs/etc/shadow ro,relatime master:-20 - ext4 /dev/sda3 rw,data=ordered
+0:+0 /system-data/etc/ssh /var/lib/snapd/hostfs/etc/ssh rw,relatime master:+21 - ext4 /dev/sda3 rw,data=ordered
+0:+0 /system-data/etc/sudoers.d /var/lib/snapd/hostfs/etc/sudoers.d rw,relatime master:+1 - ext4 /dev/sda3 rw,data=ordered
+0:+0 /system-data/etc/sysctl.d /var/lib/snapd/hostfs/etc/sysctl.d rw,relatime master:+1 - ext4 /dev/sda3 rw,data=ordered
+0:+0 /system-data/etc/systemd/journald.conf.d /var/lib/snapd/hostfs/etc/systemd/journald.conf.d rw,relatime master:+1 - ext4 /dev/sda3 rw,data=ordered
+0:+0 /system-data/etc/systemd/logind.conf.d /var/lib/snapd/hostfs/etc/systemd/logind.conf.d rw,relatime master:+1 - ext4 /dev/sda3 rw,data=ordered
+0:+0 /system-data/etc/systemd/network /var/lib/snapd/hostfs/etc/systemd/network rw,relatime master:+1 - ext4 /dev/sda3 rw,data=ordered
+0:+0 /system-data/etc/systemd/system /var/lib/snapd/hostfs/etc/systemd/system rw,relatime master:+1 - ext4 /dev/sda3 rw,data=ordered
+0:+0 /system-data/etc/systemd/system /var/lib/snapd/hostfs/etc/systemd/system rw,relatime master:+1 - ext4 /dev/sda3 rw,data=ordered
+0:+0 /system-data/etc/systemd/system.conf.d /var/lib/snapd/hostfs/etc/systemd/system.conf.d rw,relatime master:+1 - ext4 /dev/sda3 rw,data=ordered
+0:+0 /system-data/etc/systemd/timesyncd.conf /var/lib/snapd/hostfs/etc/systemd/timesyncd.conf rw,relatime master:+1 - ext4 /dev/sda3 rw,data=ordered
+0:+0 /system-data/etc/systemd/user /var/lib/snapd/hostfs/etc/systemd/user rw,relatime master:+1 - ext4 /dev/sda3 rw,data=ordered
+0:+0 /system-data/etc/systemd/user.conf.d /var/lib/snapd/hostfs/etc/systemd/user.conf.d rw,relatime master:+1 - ext4 /dev/sda3 rw,data=ordered
+0:+0 /system-data/etc/udev/rules.d /var/lib/snapd/hostfs/etc/udev/rules.d rw,relatime master:+1 - ext4 /dev/sda3 rw,data=ordered
+0:+0 /system-data/etc/update-motd.d /var/lib/snapd/hostfs/etc/update-motd.d rw,relatime master:+1 - ext4 /dev/sda3 rw,data=ordered
+0:+0 /system-data/etc/writable /var/lib/snapd/hostfs/etc/writable rw,relatime master:+1 - ext4 /dev/sda3 rw,data=ordered
+0:+0 /user-data /var/lib/snapd/hostfs/home rw,relatime master:-35 - ext4 /dev/sda3 rw,data=ordered
-1:+0 /firmware /var/lib/snapd/hostfs/lib/firmware ro,relatime master:+36 - squashfs /dev/loop1 ro
+0:+0 /modules /var/lib/snapd/hostfs/lib/modules ro,relatime master:+1 - squashfs /dev/loop1 ro
+2:+5 / /var/lib/snapd/hostfs/media rw,relatime master:+1 - tmpfs tmpfs rw
+0:+1 / /var/lib/snapd/hostfs/mnt rw,relatime master:+1 - tmpfs tmpfs rw
-1:-6 /system-data/root /var/lib/snapd/hostfs/root rw,relatime master:-39 - ext4 /dev/sda3 rw,data=ordered
+1:+4 / /var/lib/snapd/hostfs/run rw,nosuid,noexec,relatime master:+43 - tmpfs tmpfs rw,mode=755
+0:+5 / /var/lib/snapd/hostfs/run rw,nosuid,noexec,relatime master:-1 - tmpfs tmpfs rw,size=VARIABLE,mode=755
+0:+1 / /var/lib/snapd/hostfs/run/cgmanager/fs rw,relatime master:+2 - tmpfs cgmfs rw,size=VARIABLE,mode=755
+0:+1 / /var/lib/snapd/hostfs/run/lock rw,nosuid,nodev,noexec,relatime master:+1 - tmpfs tmpfs rw,size=VARIABLE
+0:-2 /snapd/ns /var/lib/snapd/hostfs/run/snapd/ns rw,nosuid,noexec,relatime - tmpfs tmpfs rw,size=VARIABLE,mode=755
+0:+3 / /var/lib/snapd/hostfs/run/user/0 rw,nosuid,nodev,relatime master:61 - tmpfs tmpfs rw,size=VARIABLE,mode=700
-1:-12 /system-data/snap /var/lib/snapd/hostfs/snap rw,relatime master:-46 - ext4 /dev/sda3 rw,data=ordered
-1:+1 / /var/lib/snapd/hostfs/snap/core/1 ro,nodev,relatime master:+47 - squashfs /dev/loop2 ro
+0:+1 / /var/lib/snapd/hostfs/snap/core18/1 ro,nodev,relatime master:+1 - squashfs /dev/loop3 ro
+0:+1 / /var/lib/snapd/hostfs/snap/pc-kernel/1 ro,nodev,relatime master:+1 - squashfs /dev/loop4 ro
+0:+1 / /var/lib/snapd/hostfs/snap/pc/1 ro,nodev,relatime master:+1 - squashfs /dev/loop5 ro
+0:+1 / /var/lib/snapd/hostfs/snap/test-snapd-mountinfo-core16/1 ro,nodev,relatime master:+1 - squashfs /dev/loop6 ro
+0:+1 / /var/lib/snapd/hostfs/snap/test-snapd-mountinfo-core18/1 ro,nodev,relatime master:+1 - squashfs /dev/loop7 ro
+0:+1 / /var/lib/snapd/hostfs/snap/test-snapd-rsync/1 ro,nodev,relatime master:+1 - squashfs /dev/loop8 ro
+2:+23 / /var/lib/snapd/hostfs/tmp rw,relatime master:+18 - tmpfs tmpfs rw
-1:-30 /system-data/var/cache/apparmor /var/lib/snapd/hostfs/var/cache/apparmor rw,relatime master:-71 - ext4 /dev/sda3 rw,data=ordered
+0:+0 /system-data/var/cache/snapd /var/lib/snapd/hostfs/var/cache/snapd rw,relatime master:+0 - ext4 /dev/sda3 rw,data=ordered
+0:+0 /system-data/var/lib/apparmor /var/lib/snapd/hostfs/var/lib/apparmor rw,relatime master:+0 - ext4 /dev/sda3 rw,data=ordered
+0:+0 /system-data/var/lib/cloud /var/lib/snapd/hostfs/var/lib/cloud rw,relatime master:+0 - ext4 /dev/sda3 rw,data=ordered
+0:+0 /system-data/var/lib/console-conf /var/lib/snapd/hostfs/var/lib/console-conf rw,relatime master:+0 - ext4 /dev/sda3 rw,data=ordered
+0:+0 /system-data/var/lib/dbus /var/lib/snapd/hostfs/var/lib/dbus rw,relatime master:+0 - ext4 /dev/sda3 rw,data=ordered
+0:+0 /system-data/var/lib/dhcp /var/lib/snapd/hostfs/var/lib/dhcp rw,relatime master:+0 - ext4 /dev/sda3 rw,data=ordered
+0:+0 /system-data/var/lib/extrausers /var/lib/snapd/hostfs/var/lib/extrausers rw,relatime master:+0 - ext4 /dev/sda3 rw,data=ordered
+0:+0 /system-data/var/lib/initramfs-tools /var/lib/snapd/hostfs/var/lib/initramfs-tools rw,relatime master:+0 - ext4 /dev/sda3 rw,data=ordered
+0:+0 /system-data/var/lib/logrotate /var/lib/snapd/hostfs/var/lib/logrotate rw,relatime master:+0 - ext4 /dev/sda3 rw,data=ordered
+0:+0 /system-data/var/lib/misc /var/lib/snapd/hostfs/var/lib/misc rw,relatime master:+0 - ext4 /dev/sda3 rw,data=ordered
+0:+0 /system-data/var/lib/snapd /var/lib/snapd/hostfs/var/lib/snapd rw,relatime master:+0 - ext4 /dev/sda3 rw,data=ordered
+1:+31 / /var/lib/snapd/hostfs/var/lib/sudo rw,relatime master:+72 - tmpfs tmpfs rw,mode=700
-1:-31 /system-data/var/lib/systemd/random-seed /var/lib/snapd/hostfs/var/lib/systemd/random-seed rw,relatime master:-72 - ext4 /dev/sda3 rw,data=ordered
+0:+0 /system-data/var/lib/systemd/rfkill /var/lib/snapd/hostfs/var/lib/systemd/rfkill rw,relatime master:+0 - ext4 /dev/sda3 rw,data=ordered
+0:+0 /system-data/var/lib/waagent /var/lib/snapd/hostfs/var/lib/waagent rw,relatime master:+0 - ext4 /dev/sda3 rw,data=ordered
+0:+0 /system-data/var/log /var/lib/snapd/hostfs/var/log rw,relatime master:+0 - ext4 /dev/sda3 rw,data=ordered
+0:+0 /system-data/var/snap /var/lib/snapd/hostfs/var/snap rw,relatime master:+0 - ext4 /dev/sda3 rw,data=ordered
+0:+0 /system-data/var/tmp /var/lib/snapd/hostfs/var/tmp rw,relatime master:+0 - ext4 /dev/sda3 rw,data=ordered
+1:+31 / /var/lib/sudo rw,relatime master:+72 - tmpfs tmpfs rw,mode=700
-1:-31 /system-data/var/lib/systemd/random-seed /var/lib/systemd/random-seed rw,relatime master:-72 - ext4 /dev/sda3 rw,data=ordered
+0:+0 /system-data/var/lib/systemd/rfkill /var/lib/systemd/rfkill rw,relatime master:+0 - ext4 /dev/sda3 rw,data=ordered
+0:+0 /system-data/var/lib/waagent /var/lib/waagent rw,relatime master:+0 - ext4 /dev/sda3 rw,data=ordered
+0:+0 /system-data/var/log /var/log rw,relatime master:+0 - ext4 /dev/sda3 rw,data=ordered
+0:+0 /system-data/var/snap /var/snap rw,relatime master:+0 - ext4 /dev/sda3 rw,data=ordered
+0:+0 /system-data/var/tmp /var/tmp rw,relatime master:+0 - ext4 /dev/sda3 rw,data=ordered
