1 0 0:0 / / ro,relatime shared:1 - squashfs /dev/loop0 ro
2 1 1:0 / /boot/efi rw,relatime shared:2 - vfat /dev/sda2 rw,fmask=0022,dmask=0022,codepage=437,iocharset=iso8859-1,shortname=mixed,errors=remount-ro
3 1 1:0 /EFI/ubuntu /boot/grub rw,relatime shared:2 - vfat /dev/sda2 rw,fmask=0022,dmask=0022,codepage=437,iocharset=iso8859-1,shortname=mixed,errors=remount-ro
4 1 2:0 / /dev rw,nosuid,relatime shared:3 - devtmpfs udev rw,size=VARIABLE,nr_inodes=0,mode=755
5 4 2:1 / /dev/hugepages rw,relatime shared:4 - hugetlbfs hugetlbfs rw,pagesize=2M
6 4 2:2 / /dev/mqueue rw,relatime shared:5 - mqueue mqueue rw
7 4 2:3 / /dev/pts rw,nosuid,noexec,relatime shared:6 - devpts devpts rw,gid=5,mode=620,ptmxmode=000
8 4 2:4 / /dev/shm rw,nosuid,nodev shared:7 - tmpfs tmpfs rw
9 1 1:1 /system-data/etc/apparmor.d/cache /etc/apparmor.d/cache rw,relatime shared:8 - ext4 /dev/sda3 rw,data=ordered
10 1 1:1 /system-data/etc/cloud /etc/cloud rw,relatime shared:9 - ext4 /dev/sda3 rw,data=ordered
11 1 1:1 /system-data/etc/dbus-1/system.d /etc/dbus-1/system.d rw,relatime shared:10 - ext4 /dev/sda3 rw,data=ordered
12 1 1:1 /system-data/etc/default/swapfile /etc/default/swapfile rw,relatime shared:11 - ext4 /dev/sda3 rw,data=ordered
13 1 2:5 /image.fstab /etc/fstab rw,nosuid,noexec,relatime shared:12 - tmpfs tmpfs rw,mode=755
14 1 1:1 /system-data/root/test-etc/group /etc/group ro,relatime shared:13 - ext4 /dev/sda3 rw,data=ordered
15 1 1:1 /system-data/root/test-etc/gshadow /etc/gshadow ro,relatime shared:13 - ext4 /dev/sda3 rw,data=ordered
16 1 1:1 /system-data/etc/hosts /etc/hosts rw,relatime shared:14 - ext4 /dev/sda3 rw,data=ordered
17 1 1:1 /system-data/etc/iproute2 /etc/iproute2 rw,relatime shared:15 - ext4 /dev/sda3 rw,data=ordered
18 1 1:1 /system-data/etc/machine-id /etc/machine-id rw,relatime shared:16 - ext4 /dev/sda3 rw,data=ordered
19 1 1:1 /system-data/etc/modprobe.d /etc/modprobe.d rw,relatime shared:17 - ext4 /dev/sda3 rw,data=ordered
20 1 1:1 /system-data/etc/modules-load.d /etc/modules-load.d rw,relatime shared:18 - ext4 /dev/sda3 rw,data=ordered
21 1 1:1 /system-data/etc/netplan /etc/netplan rw,relatime shared:19 - ext4 /dev/sda3 rw,data=ordered
22 1 1:1 /system-data/etc/network/if-up.d /etc/network/if-up.d rw,relatime shared:20 - ext4 /dev/sda3 rw,data=ordered
23 1 1:1 /system-data/root/test-etc/passwd /etc/passwd ro,relatime shared:13 - ext4 /dev/sda3 rw,data=ordered
24 1 1:1 /system-data/root/test-etc/shadow /etc/shadow ro,relatime shared:13 - ext4 /dev/sda3 rw,data=ordered
25 1 1:1 /system-data/etc/ssh /etc/ssh rw,relatime shared:21 - ext4 /dev/sda3 rw,data=ordered
26 1 1:1 /system-data/etc/sudoers.d /etc/sudoers.d rw,relatime shared:22 - ext4 /dev/sda3 rw,data=ordered
27 1 1:1 /system-data/etc/sysctl.d /etc/sysctl.d rw,relatime shared:23 - ext4 /dev/sda3 rw,data=ordered
28 1 1:1 /system-data/etc/systemd /etc/systemd rw,relatime shared:24 - ext4 /dev/sda3 rw,data=ordered
29 28 1:1 /system-data/etc/systemd/system /etc/systemd/system rw,relatime shared:25 - ext4 /dev/sda3 rw,data=ordered
30 1 1:1 /system-data/etc/udev/rules.d /etc/udev/rules.d rw,relatime shared:26 - ext4 /dev/sda3 rw,data=ordered
31 1 1:1 /system-data/etc/writable /etc/writable rw,relatime shared:27 - ext4 /dev/sda3 rw,data=ordered
32 1 1:1 /user-data /home rw,relatime shared:13 - ext4 /dev/sda3 rw,data=ordered
33 1 0:1 /firmware /lib/firmware ro,relatime shared:28 - squashfs /dev/loop1 ro
34 1 0:1 /modules /lib/modules ro,relatime shared:29 - squashfs /dev/loop1 ro
35 1 2:6 / /media rw,relatime shared:30 - tmpfs tmpfs rw
36 1 2:7 / /mnt rw,relatime shared:31 - tmpfs tmpfs rw
37 1 2:8 / /proc rw,nosuid,nodev,noexec,relatime shared:32 - proc proc rw
38 37 2:9 / /proc/sys/fs/binfmt_misc rw,relatime shared:33 - autofs systemd-1 rw,fd=0,pgrp=1,timeout=0,minproto=5,maxproto=5,direct,pipe_ino=0
39 1 1:1 /system-data/root /root rw,relatime shared:13 - ext4 /dev/sda3 rw,data=ordered
41 40 2:10 / /run rw,nosuid,noexec,relatime shared:34 - tmpfs tmpfs rw,size=VARIABLE,mode=755
40 1 2:5 / /run rw,nosuid,noexec,relatime shared:35 - tmpfs tmpfs rw,mode=755
42 41 2:11 / /run/lock rw,nosuid,nodev,noexec,relatime shared:36 - tmpfs tmpfs rw,size=VARIABLE
43 41 2:10 /snapd/ns /run/snapd/ns rw,nosuid,noexec,relatime - tmpfs tmpfs rw,size=VARIABLE,mode=755
44 41 2:12 / /run/user/0 rw,nosuid,nodev,relatime shared:37 - tmpfs tmpfs rw,size=VARIABLE,mode=700
45 1 1:1 /system-data/snap /snap rw,relatime shared:13 - ext4 /dev/sda3 rw,data=ordered
46 45 0:2 / /snap/core/1 ro,nodev,relatime shared:38 - squashfs /dev/loop2 ro
47 45 0:0 / /snap/core18/1 ro,nodev,relatime shared:39 - squashfs /dev/loop0 ro
48 45 0:1 / /snap/pc-kernel/1 ro,nodev,relatime shared:40 - squashfs /dev/loop1 ro
49 45 0:3 / /snap/pc/1 ro,nodev,relatime shared:41 - squashfs /dev/loop3 ro
50 45 0:4 / /snap/snapd/1 ro,nodev,relatime shared:42 - squashfs /dev/loop4 ro
51 45 0:5 / /snap/test-snapd-mountinfo-core16/1 ro,nodev,relatime shared:43 - squashfs /dev/loop5 ro
52 45 0:6 / /snap/test-snapd-mountinfo-core18/1 ro,nodev,relatime shared:44 - squashfs /dev/loop6 ro
53 45 0:7 / /snap/test-snapd-rsync-core18/1 ro,nodev,relatime shared:45 - squashfs /dev/loop7 ro
54 1 2:13 / /sys rw,nosuid,nodev,noexec,relatime shared:46 - sysfs sysfs rw
55 54 2:14 / /sys/fs/cgroup ro,nosuid,nodev,noexec shared:47 - tmpfs tmpfs ro,mode=755
56 55 2:15 / /sys/fs/cgroup/blkio rw,nosuid,nodev,noexec,relatime shared:48 - cgroup cgroup rw,blkio
57 55 2:16 / /sys/fs/cgroup/cpu,cpuacct rw,nosuid,nodev,noexec,relatime shared:49 - cgroup cgroup rw,cpu,cpuacct
58 55 2:17 / /sys/fs/cgroup/cpuset rw,nosuid,nodev,noexec,relatime shared:50 - cgroup cgroup rw,cpuset
59 55 2:18 / /sys/fs/cgroup/devices rw,nosuid,nodev,noexec,relatime shared:51 - cgroup cgroup rw,devices
60 55 2:19 / /sys/fs/cgroup/freezer rw,nosuid,nodev,noexec,relatime shared:52 - cgroup cgroup rw,freezer
61 55 2:20 / /sys/fs/cgroup/hugetlb rw,nosuid,nodev,noexec,relatime shared:53 - cgroup cgroup rw,hugetlb
62 55 2:21 / /sys/fs/cgroup/memory rw,nosuid,nodev,noexec,relatime shared:54 - cgroup cgroup rw,memory
63 55 2:22 / /sys/fs/cgroup/net_cls,net_prio rw,nosuid,nodev,noexec,relatime shared:55 - cgroup cgroup rw,net_cls,net_prio
64 55 2:23 / /sys/fs/cgroup/perf_event rw,nosuid,nodev,noexec,relatime shared:56 - cgroup cgroup rw,perf_event
65 55 2:24 / /sys/fs/cgroup/pids rw,nosuid,nodev,noexec,relatime shared:57 - cgroup cgroup rw,pids
66 55 2:25 / /sys/fs/cgroup/rdma rw,nosuid,nodev,noexec,relatime shared:58 - cgroup cgroup rw,rdma
67 55 2:26 / /sys/fs/cgroup/systemd rw,nosuid,nodev,noexec,relatime shared:59 - cgroup cgroup rw,xattr,name=systemd
68 55 2:27 / /sys/fs/cgroup/unified rw,nosuid,nodev,noexec,relatime shared:60 - cgroup2 cgroup rw,nsdelegate
69 54 2:28 / /sys/fs/fuse/connections rw,relatime shared:61 - fusectl fusectl rw
70 54 2:29 / /sys/fs/pstore rw,nosuid,nodev,noexec,relatime shared:62 - pstore pstore rw
71 54 2:30 / /sys/kernel/config rw,relatime shared:63 - configfs configfs rw
72 54 2:31 / /sys/kernel/debug rw,relatime shared:64 - debugfs debugfs rw
73 54 2:32 / /sys/kernel/security rw,nosuid,nodev,noexec,relatime shared:65 - securityfs securityfs rw
74 1 2:33 / /tmp rw,relatime shared:66 - tmpfs tmpfs rw
75 1 0:4 /usr/lib/snapd /usr/lib/snapd ro,nodev,relatime shared:42 - squashfs /dev/loop4 ro
76 1 1:1 /system-data/var/cache /var/cache rw,relatime shared:13 - ext4 /dev/sda3 rw,data=ordered
77 1 1:1 /system-data/var/lib/cloud /var/lib/cloud rw,relatime shared:13 - ext4 /dev/sda3 rw,data=ordered
78 1 1:1 /system-data/var/lib/console-conf /var/lib/console-conf rw,relatime shared:13 - ext4 /dev/sda3 rw,data=ordered
79 1 1:1 /system-data/var/lib/dbus /var/lib/dbus rw,relatime shared:13 - ext4 /dev/sda3 rw,data=ordered
80 1 1:1 /system-data/var/lib/dhcp /var/lib/dhcp rw,relatime shared:13 - ext4 /dev/sda3 rw,data=ordered
81 1 1:1 /system-data/var/lib/extrausers /var/lib/extrausers rw,relatime shared:13 - ext4 /dev/sda3 rw,data=ordered
82 1 1:1 /system-data/var/lib/misc /var/lib/misc rw,relatime shared:13 - ext4 /dev/sda3 rw,data=ordered
83 1 1:1 /system-data/var/lib/private/systemd /var/lib/private/systemd rw,relatime shared:13 - ext4 /dev/sda3 rw,data=ordered
84 1 1:1 /system-data/var/lib/snapd /var/lib/snapd rw,relatime shared:13 - ext4 /dev/sda3 rw,data=ordered
85 1 2:34 / /var/lib/sudo rw,relatime shared:67 - tmpfs tmpfs rw,mode=700
86 1 1:1 /system-data/var/lib/systemd /var/lib/systemd rw,relatime shared:13 - ext4 /dev/sda3 rw,data=ordered
87 1 1:1 /system-data/var/log /var/log rw,relatime shared:13 - ext4 /dev/sda3 rw,data=ordered
88 1 1:1 /system-data/var/snap /var/snap rw,relatime shared:13 - ext4 /dev/sda3 rw,data=ordered
89 1 1:1 /system-data/var/tmp /var/tmp rw,relatime shared:13 - ext4 /dev/sda3 rw,data=ordered
90 1 1:1 / /writable rw,relatime shared:13 - ext4 /dev/sda3 rw,data=ordered
91 90 0:2 / /writable/system-data/snap/core/1 ro,nodev,relatime shared:38 - squashfs /dev/loop2 ro
92 90 0:0 / /writable/system-data/snap/core18/1 ro,nodev,relatime shared:39 - squashfs /dev/loop0 ro
93 90 0:1 / /writable/system-data/snap/pc-kernel/1 ro,nodev,relatime shared:40 - squashfs /dev/loop1 ro
94 90 0:3 / /writable/system-data/snap/pc/1 ro,nodev,relatime shared:41 - squashfs /dev/loop3 ro
95 90 0:4 / /writable/system-data/snap/snapd/1 ro,nodev,relatime shared:42 - squashfs /dev/loop4 ro
96 90 0:5 / /writable/system-data/snap/test-snapd-mountinfo-core16/1 ro,nodev,relatime shared:43 - squashfs /dev/loop5 ro
97 90 0:6 / /writable/system-data/snap/test-snapd-mountinfo-core18/1 ro,nodev,relatime shared:44 - squashfs /dev/loop6 ro
98 90 0:7 / /writable/system-data/snap/test-snapd-rsync-core18/1 ro,nodev,relatime shared:45 - squashfs /dev/loop7 ro
