1 0 0:0 / / rw,relatime shared:1 - ext4 /dev/sda1 rw,data=ordered
2 1 0:1 / /boot/efi rw,relatime shared:2 - vfat /dev/sda15 rw,fmask=0022,dmask=0022,codepage=437,iocharset=iso8859-1,shortname=mixed,errors=remount-ro
3 1 1:0 / /dev rw,nosuid,relatime shared:3 - devtmpfs udev rw,size=VARIABLE,nr_inodes=0,mode=755
4 3 1:1 / /dev/hugepages rw,relatime shared:4 - hugetlbfs hugetlbfs rw,pagesize=2M
5 3 1:2 / /dev/mqueue rw,relatime shared:5 - mqueue mqueue rw
6 3 1:3 / /dev/pts rw,nosuid,noexec,relatime shared:6 - devpts devpts rw,gid=5,mode=620,ptmxmode=000
7 3 1:4 / /dev/shm rw,nosuid,nodev shared:7 - tmpfs tmpfs rw
8 1 1:5 / /proc rw,nosuid,nodev,noexec,relatime shared:8 - proc proc rw
9 8 1:6 / /proc/fs/nfsd rw,relatime shared:9 - nfsd nfsd rw
11 10 1:7 / /proc/sys/fs/binfmt_misc rw,relatime shared:10 - binfmt_misc binfmt_misc rw
10 8 1:8 / /proc/sys/fs/binfmt_misc rw,relatime shared:11 - autofs systemd-1 rw,fd=0,pgrp=1,timeout=0,minproto=5,maxproto=5,direct,pipe_ino=0
12 1 1:9 / /run rw,nosuid,noexec,relatime shared:12 - tmpfs tmpfs rw,size=VARIABLE,mode=755
13 12 1:10 / /run/lock rw,nosuid,nodev,noexec,relatime shared:13 - tmpfs tmpfs rw,size=VARIABLE
14 12 1:11 / /run/rpc_pipefs rw,relatime shared:14 - rpc_pipefs sunrpc rw
15 12 1:12 / /run/user/0 rw,nosuid,nodev,relatime shared:15 - tmpfs tmpfs rw,size=VARIABLE,mode=700
16 1 2:0 / /snap/core/1 ro,nodev,relatime shared:16 - squashfs /dev/loop0 ro
17 1 2:1 / /snap/core18/1 ro,nodev,relatime shared:17 - squashfs /dev/loop1 ro
18 1 2:2 / /snap/test-snapd-mountinfo-classic/1 ro,nodev,relatime shared:18 - squashfs /dev/loop2 ro
19 1 2:3 / /snap/test-snapd-mountinfo-core16/1 ro,nodev,relatime shared:19 - squashfs /dev/loop3 ro
20 1 2:4 / /snap/test-snapd-mountinfo-core18/1 ro,nodev,relatime shared:20 - squashfs /dev/loop4 ro
21 1 1:13 / /sys rw,nosuid,nodev,noexec,relatime shared:21 - sysfs sysfs rw
22 21 1:14 / /sys/fs/cgroup ro,nosuid,nodev,noexec shared:22 - tmpfs tmpfs ro,mode=755
23 22 1:15 / /sys/fs/cgroup/blkio rw,nosuid,nodev,noexec,relatime shared:23 - cgroup cgroup rw,blkio
24 22 1:16 / /sys/fs/cgroup/cpu,cpuacct rw,nosuid,nodev,noexec,relatime shared:24 - cgroup cgroup rw,cpu,cpuacct
25 22 1:17 / /sys/fs/cgroup/cpuset rw,nosuid,nodev,noexec,relatime shared:25 - cgroup cgroup rw,cpuset
26 22 1:18 / /sys/fs/cgroup/devices rw,nosuid,nodev,noexec,relatime shared:26 - cgroup cgroup rw,devices
27 22 1:19 / /sys/fs/cgroup/freezer rw,nosuid,nodev,noexec,relatime shared:27 - cgroup cgroup rw,freezer
28 22 1:20 / /sys/fs/cgroup/hugetlb rw,nosuid,nodev,noexec,relatime shared:28 - cgroup cgroup rw,hugetlb
29 22 1:21 / /sys/fs/cgroup/memory rw,nosuid,nodev,noexec,relatime shared:29 - cgroup cgroup rw,memory
30 22 1:22 / /sys/fs/cgroup/net_cls,net_prio rw,nosuid,nodev,noexec,relatime shared:30 - cgroup cgroup rw,net_cls,net_prio
31 22 1:23 / /sys/fs/cgroup/perf_event rw,nosuid,nodev,noexec,relatime shared:31 - cgroup cgroup rw,perf_event
32 22 1:24 / /sys/fs/cgroup/pids rw,nosuid,nodev,noexec,relatime shared:32 - cgroup cgroup rw,pids
33 22 1:25 / /sys/fs/cgroup/rdma rw,nosuid,nodev,noexec,relatime shared:33 - cgroup cgroup rw,rdma
34 22 1:26 / /sys/fs/cgroup/systemd rw,nosuid,nodev,noexec,relatime shared:34 - cgroup cgroup rw,xattr,name=systemd
35 22 1:27 / /sys/fs/cgroup/unified rw,nosuid,nodev,noexec,relatime shared:35 - cgroup2 cgroup rw
36 21 1:28 / /sys/fs/fuse/connections rw,relatime shared:36 - fusectl fusectl rw
37 21 1:29 / /sys/fs/pstore rw,nosuid,nodev,noexec,relatime shared:37 - pstore pstore rw
38 21 1:30 / /sys/kernel/config rw,relatime shared:38 - configfs configfs rw
39 21 1:31 / /sys/kernel/debug rw,relatime shared:39 - debugfs debugfs rw
40 21 1:32 / /sys/kernel/security rw,nosuid,nodev,noexec,relatime shared:40 - securityfs securityfs rw
