2:0 / / ro,nodev,relatime master:15 - squashfs /dev/loop0 ro
-1:+0 / /dev rw,nosuid,relatime master:-12 - devtmpfs udev rw,size=VARIABLE,nr_inodes=0,mode=755
+0:+1 / /dev/hugepages rw,relatime master:+1 - hugetlbfs hugetlbfs rw,pagesize=2M
+0:+1 / /dev/mqueue rw,relatime master:+1 - mqueue mqueue rw
+0:+31 /ptmx /dev/ptmx rw,relatime - devpts devpts rw,gid=5,mode=620,ptmxmode=666
+0:-30 / /dev/pts rw,nosuid,noexec,relatime master:6 - devpts devpts rw,gid=5,mode=620,ptmxmode=000
+0:+30 / /dev/pts rw,relatime - devpts devpts rw,gid=5,mode=620,ptmxmode=666
+0:-29 / /dev/shm rw,nosuid,nodev master:7 - tmpfs tmpfs rw
-1:-4 /etc /etc rw,relatime master:-6 - ext4 /dev/sda1 rw
+2:+0 /etc/apparmor /etc/apparmor ro,nodev,relatime master:+14 - squashfs /dev/loop0 ro
+0:+0 /etc/apparmor.d /etc/apparmor.d ro,nodev,relatime master:+0 - squashfs /dev/loop0 ro
+0:+0 /etc/nsswitch.conf /etc/nsswitch.conf ro,nodev,relatime master:+0 - squashfs /dev/loop0 ro
-2:+0 /home /home rw,relatime master:-14 - ext4 /dev/sda1 rw
+0:+0 /lib/firmware /lib/firmware rw,relatime master:+0 - ext4 /dev/sda1 rw
+0:+0 /lib/modules /lib/modules rw,relatime master:+0 - ext4 /dev/sda1 rw
+0:+0 /media /media rw,relatime shared:1 - ext4 /dev/sda1 rw
+0:+0 /mnt /mnt rw,relatime master:1 - ext4 /dev/sda1 rw
+1:+5 / /proc rw,nosuid,nodev,noexec,relatime master:+7 - proc proc rw
+0:+1 / /proc/fs/nfsd rw,relatime master:+1 - nfsd nfsd rw
+0:+1 / /proc/sys/fs/binfmt_misc rw,relatime master:+1 - autofs systemd-1 rw,fd=0,pgrp=1,timeout=0,minproto=5,maxproto=5,direct,pipe_ino=0
-1:-7 /root /root rw,relatime master:-9 - ext4 /dev/sda1 rw
+1:+8 / /run rw,nosuid,noexec,relatime master:+10 - tmpfs tmpfs rw,size=VARIABLE,mode=755
+0:+1 / /run/lock rw,nosuid,nodev,noexec,relatime master:+1 - tmpfs tmpfs rw,size=VARIABLE
+0:-1 /netns /run/netns rw,nosuid,noexec,relatime shared:11 - tmpfs tmpfs rw,size=VARIABLE,mode=755
+0:+2 / /run/rpc_pipefs rw,relatime master:13 - rpc_pipefs sunrpc rw
+0:-2 /snapd/ns /run/snapd/ns rw,nosuid,noexec,relatime - tmpfs tmpfs rw,size=VARIABLE,mode=755
+0:+3 / /run/user/0 rw,nosuid,nodev,relatime master:14 - tmpfs tmpfs rw,size=VARIABLE,mode=700
-1:-11 /snap /snap rw,relatime master:-13 - ext4 /dev/sda1 rw
+2:+0 / /snap/core/1 ro,nodev,relatime master:+14 - squashfs /dev/loop0 ro
+0:+1 / /snap/core18/1 ro,nodev,relatime master:+1 - squashfs /dev/loop1 ro
+0:+1 / /snap/test-snapd-mountinfo-classic/1 ro,nodev,relatime master:+1 - squashfs /dev/loop2 ro
+0:+1 / /snap/test-snapd-mountinfo-core16/1 ro,nodev,relatime master:+1 - squashfs /dev/loop3 ro
+0:+1 / /snap/test-snapd-mountinfo-core18/1 ro,nodev,relatime master:+1 - squashfs /dev/loop4 ro
-1:+8 / /sys rw,nosuid,nodev,noexec,relatime master:+1 - sysfs sysfs rw
+0:+1 / /sys/firmware/efi/efivars rw,nosuid,nodev,noexec,relatime master:+1 - efivarfs efivarfs rw
+0:+1 / /sys/fs/cgroup ro,nosuid,nodev,noexec master:+1 - tmpfs tmpfs ro,mode=755
+0:+1 / /sys/fs/cgroup/blkio rw,nosuid,nodev,noexec,relatime master:+1 - cgroup cgroup rw,blkio
+0:+1 / /sys/fs/cgroup/cpu,cpuacct rw,nosuid,nodev,noexec,relatime master:+1 - cgroup cgroup rw,cpu,cpuacct
+0:+1 / /sys/fs/cgroup/cpuset rw,nosuid,nodev,noexec,relatime master:+1 - cgroup cgroup rw,cpuset
+0:+1 / /sys/fs/cgroup/devices rw,nosuid,nodev,noexec,relatime master:+1 - cgroup cgroup rw,devices
+0:+1 / /sys/fs/cgroup/freezer rw,nosuid,nodev,noexec,relatime master:+1 - cgroup cgroup rw,freezer
+0:+1 / /sys/fs/cgroup/hugetlb rw,nosuid,nodev,noexec,relatime master:+1 - cgroup cgroup rw,hugetlb
+0:+1 / /sys/fs/cgroup/memory rw,nosuid,nodev,noexec,relatime master:+1 - cgroup cgroup rw,memory
+0:+1 / /sys/fs/cgroup/net_cls,net_prio rw,nosuid,nodev,noexec,relatime master:+1 - cgroup cgroup rw,net_cls,net_prio
+0:+1 / /sys/fs/cgroup/perf_event rw,nosuid,nodev,noexec,relatime master:+1 - cgroup cgroup rw,perf_event
+0:+1 / /sys/fs/cgroup/pids rw,nosuid,nodev,noexec,relatime master:+1 - cgroup cgroup rw,pids
+0:+1 / /sys/fs/cgroup/rdma rw,nosuid,nodev,noexec,relatime master:+1 - cgroup cgroup rw,rdma
+0:+1 / /sys/fs/cgroup/systemd rw,nosuid,nodev,noexec,relatime master:+1 - cgroup cgroup rw,xattr,name=systemd
+0:+1 / /sys/fs/cgroup/unified rw,nosuid,nodev,noexec,relatime master:+1 - cgroup2 cgroup rw,nsdelegate
+0:+1 / /sys/fs/fuse/connections rw,relatime master:+1 - fusectl fusectl rw
+0:+1 / /sys/fs/pstore rw,nosuid,nodev,noexec,relatime master:+1 - pstore pstore rw
+0:+1 / /sys/kernel/config rw,relatime master:+1 - configfs configfs rw
+0:+1 / /sys/kernel/debug rw,relatime master:+1 - debugfs debugfs rw
+0:+1 / /sys/kernel/security rw,nosuid,nodev,noexec,relatime master:+1 - securityfs securityfs rw
-1:-32 /tmp /tmp rw,relatime master:-39 - ext4 /dev/sda1 rw
+0:+0 /tmp/snap.test-snapd-mountinfo-core16/tmp /tmp rw,relatime - ext4 /dev/sda1 rw
+1:+34 / /usr/share/gdb rw,relatime - tmpfs tmpfs rw,mode=755
+1:-34 /usr/share/gdb/auto-load /usr/share/gdb/auto-load ro,nodev,relatime master:15 - squashfs /dev/loop0 ro
-1:+35 / /usr/share/gdb/test rw,relatime - tmpfs tmpfs rw
-1:-35 /usr/src /usr/src rw,relatime master:1 - ext4 /dev/sda1 rw
+0:+0 /var/lib/snapd /var/lib/snapd rw,relatime master:+0 - ext4 /dev/sda1 rw
+0:+0 /var/lib/snapd/hostfs /var/lib/snapd/hostfs rw,relatime - ext4 /dev/sda1 rw
+0:+0 / /var/lib/snapd/hostfs rw,relatime master:1 - ext4 /dev/sda1 rw
+0:+1 / /var/lib/snapd/hostfs/boot/efi rw,relatime master:+1 - vfat /dev/sda15 rw,fmask=0077,dmask=0077,codepage=437,iocharset=iso8859-1,shortname=mixed,errors=remount-ro
+1:+7 / /var/lib/snapd/hostfs/run rw,nosuid,noexec,relatime master:+9 - tmpfs tmpfs rw,size=VARIABLE,mode=755
+0:+1 / /var/lib/snapd/hostfs/run/lock rw,nosuid,nodev,noexec,relatime master:+1 - tmpfs tmpfs rw,size=VARIABLE
+0:+1 / /var/lib/snapd/hostfs/run/rpc_pipefs rw,relatime master:+1 - rpc_pipefs sunrpc rw
+0:-2 /snapd/ns /var/lib/snapd/hostfs/run/snapd/ns rw,nosuid,noexec,relatime - tmpfs tmpfs rw,size=VARIABLE,mode=755
+0:+3 / /var/lib/snapd/hostfs/run/user/0 rw,nosuid,nodev,relatime master:14 - tmpfs tmpfs rw,size=VARIABLE,mode=700
+1:-11 / /var/lib/snapd/hostfs/snap/core/1 ro,nodev,relatime master:+1 - squashfs /dev/loop0 ro
+0:+1 / /var/lib/snapd/hostfs/snap/core18/1 ro,nodev,relatime master:+1 - squashfs /dev/loop1 ro
+0:+1 / /var/lib/snapd/hostfs/snap/test-snapd-mountinfo-classic/1 ro,nodev,relatime master:+1 - squashfs /dev/loop2 ro
+0:+1 / /var/lib/snapd/hostfs/snap/test-snapd-mountinfo-core16/1 ro,nodev,relatime master:+1 - squashfs /dev/loop3 ro
+0:+1 / /var/lib/snapd/hostfs/snap/test-snapd-mountinfo-core18/1 ro,nodev,relatime master:+1 - squashfs /dev/loop4 ro
-2:-4 /var/log /var/log rw,relatime master:-18 - ext4 /dev/sda1 rw
+0:+0 /var/snap /var/snap rw,relatime master:+0 - ext4 /dev/sda1 rw
+0:+0 /var/tmp /var/tmp rw,relatime master:+0 - ext4 /dev/sda1 rw
