2:0 / / ro,nodev,relatime shared:1001 master:16 - squashfs /dev/loop0 ro
1:0 / /dev rw,nosuid,relatime shared:1002 master:3 - devtmpfs udev rw,size=VARIABLE,nr_inodes=0,mode=755
1:1 / /dev/hugepages rw,relatime shared:1003 master:4 - hugetlbfs hugetlbfs rw,pagesize=2M
1:2 / /dev/mqueue rw,relatime shared:1004 master:5 - mqueue mqueue rw
1:33 /ptmx /dev/ptmx rw,relatime shared:1005 - devpts devpts rw,gid=5,mode=620,ptmxmode=666
1:3 / /dev/pts rw,nosuid,noexec,relatime shared:1006 master:6 - devpts devpts rw,gid=5,mode=620,ptmxmode=000
1:33 / /dev/pts rw,relatime shared:1005 - devpts devpts rw,gid=5,mode=620,ptmxmode=666
1:4 / /dev/shm rw,nosuid,nodev shared:1007 master:7 - tmpfs tmpfs rw
0:0 /etc /etc rw,relatime shared:1008 master:1 - ext4 /dev/sda1 rw,data=ordered
2:0 /etc/nsswitch.conf /etc/nsswitch.conf ro,nodev,relatime master:16 - squashfs /dev/loop0 ro
2:0 /etc/ssl /etc/ssl ro,nodev,relatime master:16 - squashfs /dev/loop0 ro
0:0 /home /home rw,relatime shared:1009 master:1 - ext4 /dev/sda1 rw,data=ordered
0:0 /lib/modules /lib/modules rw,relatime shared:1010 master:1 - ext4 /dev/sda1 rw,data=ordered
0:0 /media /media rw,relatime shared:1 - ext4 /dev/sda1 rw,data=ordered
0:0 /mnt /mnt rw,relatime shared:1011 master:1 - ext4 /dev/sda1 rw,data=ordered
1:5 / /proc rw,nosuid,nodev,noexec,relatime shared:1012 master:8 - proc proc rw
1:6 / /proc/fs/nfsd rw,relatime shared:1013 master:9 - nfsd nfsd rw
1:7 / /proc/sys/fs/binfmt_misc rw,relatime shared:1014 master:10 - binfmt_misc binfmt_misc rw
1:8 / /proc/sys/fs/binfmt_misc rw,relatime shared:1015 master:11 - autofs systemd-1 rw,fd=0,pgrp=1,timeout=0,minproto=5,maxproto=5,direct,pipe_ino=0
0:0 /root /root rw,relatime shared:1016 master:1 - ext4 /dev/sda1 rw,data=ordered
1:9 / /run rw,nosuid,noexec,relatime shared:1017 master:12 - tmpfs tmpfs rw,size=VARIABLE,mode=755
1:10 / /run/lock rw,nosuid,nodev,noexec,relatime shared:1018 master:13 - tmpfs tmpfs rw,size=VARIABLE
1:9 /netns /run/netns rw,nosuid,noexec,relatime shared:12 - tmpfs tmpfs rw,size=VARIABLE,mode=755
1:11 / /run/rpc_pipefs rw,relatime shared:1019 master:14 - rpc_pipefs sunrpc rw
1:9 /snapd/ns /run/snapd/ns rw,nosuid,noexec,relatime shared:1020 - tmpfs tmpfs rw,size=VARIABLE,mode=755
1:12 / /run/user/0 rw,nosuid,nodev,relatime shared:1021 master:15 - tmpfs tmpfs rw,size=VARIABLE,mode=700
0:0 /snap /snap rw,relatime shared:1022 master:1 - ext4 /dev/sda1 rw,data=ordered
2:0 / /snap/core/1 ro,nodev,relatime shared:1023 master:16 - squashfs /dev/loop0 ro
2:1 / /snap/core18/1 ro,nodev,relatime shared:1024 master:17 - squashfs /dev/loop1 ro
2:2 / /snap/test-snapd-mountinfo-classic/1 ro,nodev,relatime shared:1025 master:18 - squashfs /dev/loop2 ro
2:3 / /snap/test-snapd-mountinfo-core16/1 ro,nodev,relatime shared:1026 master:19 - squashfs /dev/loop3 ro
2:4 / /snap/test-snapd-mountinfo-core18/1 ro,nodev,relatime shared:1027 master:20 - squashfs /dev/loop4 ro
1:13 / /sys rw,nosuid,nodev,noexec,relatime shared:1028 master:21 - sysfs sysfs rw
1:14 / /sys/fs/cgroup ro,nosuid,nodev,noexec shared:1029 master:22 - tmpfs tmpfs ro,mode=755
1:15 / /sys/fs/cgroup/blkio rw,nosuid,nodev,noexec,relatime shared:1030 master:23 - cgroup cgroup rw,blkio
1:16 / /sys/fs/cgroup/cpu,cpuacct rw,nosuid,nodev,noexec,relatime shared:1031 master:24 - cgroup cgroup rw,cpu,cpuacct
1:17 / /sys/fs/cgroup/cpuset rw,nosuid,nodev,noexec,relatime shared:1032 master:25 - cgroup cgroup rw,cpuset
1:18 / /sys/fs/cgroup/devices rw,nosuid,nodev,noexec,relatime shared:1033 master:26 - cgroup cgroup rw,devices
1:19 / /sys/fs/cgroup/freezer rw,nosuid,nodev,noexec,relatime shared:1034 master:27 - cgroup cgroup rw,freezer
1:20 / /sys/fs/cgroup/hugetlb rw,nosuid,nodev,noexec,relatime shared:1035 master:28 - cgroup cgroup rw,hugetlb
1:21 / /sys/fs/cgroup/memory rw,nosuid,nodev,noexec,relatime shared:1036 master:29 - cgroup cgroup rw,memory
1:22 / /sys/fs/cgroup/net_cls,net_prio rw,nosuid,nodev,noexec,relatime shared:1037 master:30 - cgroup cgroup rw,net_cls,net_prio
1:23 / /sys/fs/cgroup/perf_event rw,nosuid,nodev,noexec,relatime shared:1038 master:31 - cgroup cgroup rw,perf_event
1:24 / /sys/fs/cgroup/pids rw,nosuid,nodev,noexec,relatime shared:1039 master:32 - cgroup cgroup rw,pids
1:25 / /sys/fs/cgroup/rdma rw,nosuid,nodev,noexec,relatime shared:1040 master:33 - cgroup cgroup rw,rdma
1:26 / /sys/fs/cgroup/systemd rw,nosuid,nodev,noexec,relatime shared:1041 master:34 - cgroup cgroup rw,xattr,name=systemd
1:27 / /sys/fs/cgroup/unified rw,nosuid,nodev,noexec,relatime shared:1042 master:35 - cgroup2 cgroup rw,nsdelegate
1:28 / /sys/fs/fuse/connections rw,relatime shared:1043 master:36 - fusectl fusectl rw
1:29 / /sys/fs/pstore rw,nosuid,nodev,noexec,relatime shared:1044 master:37 - pstore pstore rw
1:30 / /sys/kernel/config rw,relatime shared:1045 master:38 - configfs configfs rw
1:31 / /sys/kernel/debug rw,relatime shared:1046 master:39 - debugfs debugfs rw
1:32 / /sys/kernel/security rw,nosuid,nodev,noexec,relatime shared:1047 master:40 - securityfs securityfs rw
0:0 /tmp /tmp rw,relatime shared:1048 master:1 - ext4 /dev/sda1 rw,data=ordered
0:0 /tmp/snap.test-snapd-mountinfo-core16/tmp /tmp rw,relatime - ext4 /dev/sda1 rw,data=ordered
1:34 / /usr/share/gdb rw,relatime shared:1049 - tmpfs tmpfs rw,mode=755
2:0 /usr/share/gdb/auto-load /usr/share/gdb/auto-load ro,nodev,relatime shared:1050 - squashfs /dev/loop0 ro
1:35 / /usr/share/gdb/test rw,relatime shared:1051 - tmpfs tmpfs rw
0:0 /usr/src /usr/src rw,relatime shared:1052 master:1 - ext4 /dev/sda1 rw,data=ordered
0:0 /var/lib/snapd /var/lib/snapd rw,relatime shared:1053 master:1 - ext4 /dev/sda1 rw,data=ordered
0:0 / /var/lib/snapd/hostfs rw,relatime shared:1054 master:1 - ext4 /dev/sda1 rw,data=ordered
0:0 /var/lib/snapd/hostfs /var/lib/snapd/hostfs rw,relatime - ext4 /dev/sda1 rw,data=ordered
0:1 / /var/lib/snapd/hostfs/boot/efi rw,relatime shared:1055 master:2 - vfat /dev/sda15 rw,fmask=0022,dmask=0022,codepage=437,iocharset=iso8859-1,shortname=mixed,errors=remount-ro
1:9 / /var/lib/snapd/hostfs/run rw,nosuid,noexec,relatime shared:1056 master:12 - tmpfs tmpfs rw,size=VARIABLE,mode=755
1:10 / /var/lib/snapd/hostfs/run/lock rw,nosuid,nodev,noexec,relatime shared:1057 master:13 - tmpfs tmpfs rw,size=VARIABLE
1:11 / /var/lib/snapd/hostfs/run/rpc_pipefs rw,relatime shared:1058 master:14 - rpc_pipefs sunrpc rw
1:9 /snapd/ns /var/lib/snapd/hostfs/run/snapd/ns rw,nosuid,noexec,relatime shared:1059 - tmpfs tmpfs rw,size=VARIABLE,mode=755
1:12 / /var/lib/snapd/hostfs/run/user/0 rw,nosuid,nodev,relatime shared:1060 master:15 - tmpfs tmpfs rw,size=VARIABLE,mode=700
2:0 / /var/lib/snapd/hostfs/snap/core/1 ro,nodev,relatime shared:1061 master:16 - squashfs /dev/loop0 ro
2:1 / /var/lib/snapd/hostfs/snap/core18/1 ro,nodev,relatime shared:1062 master:17 - squashfs /dev/loop1 ro
2:2 / /var/lib/snapd/hostfs/snap/test-snapd-mountinfo-classic/1 ro,nodev,relatime shared:1063 master:18 - squashfs /dev/loop2 ro
2:3 / /var/lib/snapd/hostfs/snap/test-snapd-mountinfo-core16/1 ro,nodev,relatime shared:1064 master:19 - squashfs /dev/loop3 ro
2:4 / /var/lib/snapd/hostfs/snap/test-snapd-mountinfo-core18/1 ro,nodev,relatime shared:1065 master:20 - squashfs /dev/loop4 ro
0:0 /var/log /var/log rw,relatime shared:1066 master:1 - ext4 /dev/sda1 rw,data=ordered
0:0 /var/snap /var/snap rw,relatime shared:1067 master:1 - ext4 /dev/sda1 rw,data=ordered
0:0 /var/tmp /var/tmp rw,relatime shared:1068 master:1 - ext4 /dev/sda1 rw,data=ordered
