2001 2000 2:1 / / ro,nodev,relatime master:17 - squashfs /dev/loop1 ro
2002 2001 1:0 / /dev rw,nosuid,relatime master:3 - devtmpfs udev rw,size=VARIABLE,nr_inodes=0,mode=755
2003 2002 1:1 / /dev/hugepages rw,relatime master:4 - hugetlbfs hugetlbfs rw,pagesize=2M
2004 2002 1:2 / /dev/mqueue rw,relatime master:5 - mqueue mqueue rw
2005 2002 1:33 /ptmx /dev/ptmx rw,relatime - devpts devpts rw,gid=5,mode=620,ptmxmode=666
2006 2002 1:3 / /dev/pts rw,nosuid,noexec,relatime master:6 - devpts devpts rw,gid=5,mode=620,ptmxmode=000
2007 2006 1:33 / /dev/pts rw,relatime - devpts devpts rw,gid=5,mode=620,ptmxmode=666
2008 2002 1:4 / /dev/shm rw,nosuid,nodev master:7 - tmpfs tmpfs rw
2009 2001 0:0 /etc /etc rw,relatime master:1 - ext4 /dev/sda1 rw,data=ordered
2010 2009 2:1 /etc/nsswitch.conf /etc/nsswitch.conf ro,nodev,relatime master:17 - squashfs /dev/loop1 ro
2011 2009 2:1 /etc/ssl /etc/ssl ro,nodev,relatime master:17 - squashfs /dev/loop1 ro
2012 2001 0:0 /home /home rw,relatime master:1 - ext4 /dev/sda1 rw,data=ordered
2013 2001 0:0 /lib/modules /lib/modules rw,relatime master:1 - ext4 /dev/sda1 rw,data=ordered
2014 2001 0:0 /media /media rw,relatime shared:1 - ext4 /dev/sda1 rw,data=ordered
2015 2001 0:0 /mnt /mnt rw,relatime master:1 - ext4 /dev/sda1 rw,data=ordered
2016 2001 1:5 / /proc rw,nosuid,nodev,noexec,relatime master:8 - proc proc rw
2017 2016 1:6 / /proc/fs/nfsd rw,relatime master:9 - nfsd nfsd rw
2019 2018 1:7 / /proc/sys/fs/binfmt_misc rw,relatime master:10 - binfmt_misc binfmt_misc rw
2018 2016 1:8 / /proc/sys/fs/binfmt_misc rw,relatime master:11 - autofs systemd-1 rw,fd=0,pgrp=1,timeout=0,minproto=5,maxproto=5,direct,pipe_ino=0
2020 2001 0:0 /root /root rw,relatime master:1 - ext4 /dev/sda1 rw,data=ordered
2021 2001 1:9 / /run rw,nosuid,noexec,relatime master:12 - tmpfs tmpfs rw,size=VARIABLE,mode=755
2022 2021 1:10 / /run/lock rw,nosuid,nodev,noexec,relatime master:13 - tmpfs tmpfs rw,size=VARIABLE
2023 2021 1:9 /netns /run/netns rw,nosuid,noexec,relatime shared:12 - tmpfs tmpfs rw,size=VARIABLE,mode=755
2024 2021 1:11 / /run/rpc_pipefs rw,relatime master:14 - rpc_pipefs sunrpc rw
2025 2021 1:9 /snapd/ns /run/snapd/ns rw,nosuid,noexec,relatime - tmpfs tmpfs rw,size=VARIABLE,mode=755
2026 2021 1:12 / /run/user/0 rw,nosuid,nodev,relatime master:15 - tmpfs tmpfs rw,size=VARIABLE,mode=700
2027 2001 0:0 /snap /snap rw,relatime master:1 - ext4 /dev/sda1 rw,data=ordered
2028 2027 2:0 / /snap/core/1 ro,nodev,relatime master:16 - squashfs /dev/loop0 ro
2029 2027 2:1 / /snap/core18/1 ro,nodev,relatime master:17 - squashfs /dev/loop1 ro
2030 2027 2:2 / /snap/test-snapd-mountinfo-classic/1 ro,nodev,relatime master:18 - squashfs /dev/loop2 ro
2031 2027 2:3 / /snap/test-snapd-mountinfo-core16/1 ro,nodev,relatime master:19 - squashfs /dev/loop3 ro
2032 2027 2:4 / /snap/test-snapd-mountinfo-core18/1 ro,nodev,relatime master:20 - squashfs /dev/loop4 ro
2033 2001 1:13 / /sys rw,nosuid,nodev,noexec,relatime master:21 - sysfs sysfs rw
2034 2033 1:14 / /sys/fs/cgroup ro,nosuid,nodev,noexec master:22 - tmpfs tmpfs ro,mode=755
2035 2034 1:15 / /sys/fs/cgroup/blkio rw,nosuid,nodev,noexec,relatime master:23 - cgroup cgroup rw,blkio
2036 2034 1:16 / /sys/fs/cgroup/cpu,cpuacct rw,nosuid,nodev,noexec,relatime master:24 - cgroup cgroup rw,cpu,cpuacct
2037 2034 1:17 / /sys/fs/cgroup/cpuset rw,nosuid,nodev,noexec,relatime master:25 - cgroup cgroup rw,cpuset
2038 2034 1:18 / /sys/fs/cgroup/devices rw,nosuid,nodev,noexec,relatime master:26 - cgroup cgroup rw,devices
2039 2034 1:19 / /sys/fs/cgroup/freezer rw,nosuid,nodev,noexec,relatime master:27 - cgroup cgroup rw,freezer
2040 2034 1:20 / /sys/fs/cgroup/hugetlb rw,nosuid,nodev,noexec,relatime master:28 - cgroup cgroup rw,hugetlb
2041 2034 1:21 / /sys/fs/cgroup/memory rw,nosuid,nodev,noexec,relatime master:29 - cgroup cgroup rw,memory
2042 2034 1:22 / /sys/fs/cgroup/net_cls,net_prio rw,nosuid,nodev,noexec,relatime master:30 - cgroup cgroup rw,net_cls,net_prio
2043 2034 1:23 / /sys/fs/cgroup/perf_event rw,nosuid,nodev,noexec,relatime master:31 - cgroup cgroup rw,perf_event
2044 2034 1:24 / /sys/fs/cgroup/pids rw,nosuid,nodev,noexec,relatime master:32 - cgroup cgroup rw,pids
2045 2034 1:25 / /sys/fs/cgroup/rdma rw,nosuid,nodev,noexec,relatime master:33 - cgroup cgroup rw,rdma
2046 2034 1:26 / /sys/fs/cgroup/systemd rw,nosuid,nodev,noexec,relatime master:34 - cgroup cgroup rw,xattr,name=systemd
2047 2034 1:27 / /sys/fs/cgroup/unified rw,nosuid,nodev,noexec,relatime master:35 - cgroup2 cgroup rw
2048 2033 1:28 / /sys/fs/fuse/connections rw,relatime master:36 - fusectl fusectl rw
2049 2033 1:29 / /sys/fs/pstore rw,nosuid,nodev,noexec,relatime master:37 - pstore pstore rw
2050 2033 1:30 / /sys/kernel/config rw,relatime master:38 - configfs configfs rw
2051 2033 1:31 / /sys/kernel/debug rw,relatime master:39 - debugfs debugfs rw
2052 2033 1:32 / /sys/kernel/security rw,nosuid,nodev,noexec,relatime master:40 - securityfs securityfs rw
2053 2001 0:0 /tmp /tmp rw,relatime master:1 - ext4 /dev/sda1 rw,data=ordered
2054 2053 0:0 /tmp/snap.test-snapd-mountinfo-core18/tmp /tmp rw,relatime - ext4 /dev/sda1 rw,data=ordered
2055 2001 2:0 /usr/lib/snapd /usr/lib/snapd ro,nodev,relatime master:16 - squashfs /dev/loop0 ro
2056 2001 0:0 /usr/src /usr/src rw,relatime master:1 - ext4 /dev/sda1 rw,data=ordered
2057 2001 0:0 /var/lib/snapd /var/lib/snapd rw,relatime master:1 - ext4 /dev/sda1 rw,data=ordered
2058 2057 0:0 /var/lib/snapd/hostfs /var/lib/snapd/hostfs rw,relatime - ext4 /dev/sda1 rw,data=ordered
2059 2058 0:0 / /var/lib/snapd/hostfs rw,relatime master:1 - ext4 /dev/sda1 rw,data=ordered
2060 2059 0:1 / /var/lib/snapd/hostfs/boot/efi rw,relatime master:2 - vfat /dev/sda15 rw,fmask=0022,dmask=0022,codepage=437,iocharset=iso8859-1,shortname=mixed,errors=remount-ro
2061 2059 1:9 / /var/lib/snapd/hostfs/run rw,nosuid,noexec,relatime master:12 - tmpfs tmpfs rw,size=VARIABLE,mode=755
2062 2061 1:10 / /var/lib/snapd/hostfs/run/lock rw,nosuid,nodev,noexec,relatime master:13 - tmpfs tmpfs rw,size=VARIABLE
2063 2061 1:11 / /var/lib/snapd/hostfs/run/rpc_pipefs rw,relatime master:14 - rpc_pipefs sunrpc rw
2064 2061 1:9 /snapd/ns /var/lib/snapd/hostfs/run/snapd/ns rw,nosuid,noexec,relatime - tmpfs tmpfs rw,size=VARIABLE,mode=755
2065 2061 1:12 / /var/lib/snapd/hostfs/run/user/0 rw,nosuid,nodev,relatime master:15 - tmpfs tmpfs rw,size=VARIABLE,mode=700
2066 2059 2:0 / /var/lib/snapd/hostfs/snap/core/1 ro,nodev,relatime master:16 - squashfs /dev/loop0 ro
2067 2059 2:1 / /var/lib/snapd/hostfs/snap/core18/1 ro,nodev,relatime master:17 - squashfs /dev/loop1 ro
2068 2059 2:2 / /var/lib/snapd/hostfs/snap/test-snapd-mountinfo-classic/1 ro,nodev,relatime master:18 - squashfs /dev/loop2 ro
2069 2059 2:3 / /var/lib/snapd/hostfs/snap/test-snapd-mountinfo-core16/1 ro,nodev,relatime master:19 - squashfs /dev/loop3 ro
2070 2059 2:4 / /var/lib/snapd/hostfs/snap/test-snapd-mountinfo-core18/1 ro,nodev,relatime master:20 - squashfs /dev/loop4 ro
2071 2001 0:0 /var/log /var/log rw,relatime master:1 - ext4 /dev/sda1 rw,data=ordered
2072 2001 0:0 /var/snap /var/snap rw,relatime master:1 - ext4 /dev/sda1 rw,data=ordered
2073 2001 0:0 /var/tmp /var/tmp rw,relatime master:1 - ext4 /dev/sda1 rw,data=ordered
